De-duplicated Gate-3 frontier (per distinct inference problem)
  32 producible clusters -> 24 distinct (lo,hi,C,H,O) keys
  methylating keys: 15   non-methylating (aromatic) keys: 9
  exhaustion: 24/24 keys fully enumerated (ALL EXACT)

==========================================================================
COLLAPSED GROUPS (n>1 clusters per key)
==========================================================================
  C8H8O4 cyc2-5 (n=3, same-compound re-deposit):
       BGC0001121  orsellinic acid
       BGC0002212  Orsellinic acid
       BGC0002595  orsellinic acid
  C11H14O4 cyc3-6 (n=3, distinct compounds, shared formula):
       BGC0002155  nectriapyrone C
       BGC0002197  terrestric acid
       BGC0003028  Terrestric acid
  C16H24O4 cyc6-9 (n=3, distinct compounds, shared formula):
       BGC0001141  4-epi-15-epi-brefeldin A
       BGC0002168  decumbenone a
       BGC0002984  Brefeldin A
  C8H8O3 cyc2-5 (n=2, same-compound re-deposit):
       BGC0001275  6-methylsalicyclic acid
       BGC0001276  6-methylsalicyclic acid
  C16H18O3 cyc6-9 (n=2, same-compound re-deposit):
       BGC0001909  strobilurin A
       BGC0002065  strobilurin A

==========================================================================
METHYLATING FRONTIER -- distinct-chemistry weighted (HEADLINE)
==========================================================================
  15 distinct methylating inference problems, each counted once:
    cluster-weighted MEAN   Gate-3/(clean+Gate-3) = 7.04%
    cluster-weighted MEDIAN                        = 6.06%
    range                                          = 2.6% .. 17.5%
  decision-pooled OVER DISTINCT keys (disclosed alternate, |Z*|-weighted):
    Gate-3/(clean+Gate-3) = 4.97%  (clean=6521, G2=2041, G3=341)
    -- still dominated by the brefeldin-family key (|Z*|=4114); pooling weights
       by enumeration size, which is why it sits well below the cluster mean.

==========================================================================
AROMATIC FLOOR -- non-methylating keys
==========================================================================
  9 distinct keys: clean=68 G2=19 Gate-3=0
    Gate-3/(clean+Gate-3) = 0.00%  (exact; robust to de-dup since Gate-3=0)

==========================================================================
WITHIN-HR LOCALIZATION MECHANISM: |Z*| vs Gate-3
==========================================================================
  Spearman( |Z*| , Gate-3 RATIO )     = -0.61   (ratio DILUTES as |Z*| grows)
  Spearman( |Z*| , Gate-3 ABS count ) = +0.80   (absolute Gate-3 GROWS, not constant)
  absolute Gate-3 spans 1 .. 231 across the methylating keys
  => the dilution is Gate-2 (reduction-combinatorial) outgrowing Gate-3
     (chemistry-bounded), NOT Gate-3 vanishing -- the within-corpus echo of
     the across-O Gate-2/Gate-3 asymmetry, now across clusters at fixed O.

==========================================================================
PER-KEY (methylating, sorted by ratio)
==========================================================================
  C,H,O cyc        n   |Z*|  clean    G2  G3  G3/(cln+G3)  example
  C16H20O2 6-9     1     22     47     6  10       17.5%  stachysalicyloid C
  C11H14O5 3-6     1     17     24     6   3       11.1%  ustethylin A
  C13H14O5 4-7     1      2      8     0   1       11.1%  citrinin
  C13H16O6 4-7     1     29     53    10   6       10.2%  Multiforisin H
  C9H12O4 2-5      1      9     10     3   1        9.1%  asperlactone
  C12H16O3 4-7     1     49     65    20   5        7.1%  BAB
  C16H20O4 6-9     1    378    532   181  39        6.8%  gregatin A
  C11H14O4 3-6     3     25     31    11   2        6.1%  nectriapyrone C
  C13H18O4 4-7     1    276    320   105  16        4.8%  sporothriolide
  C16H24O4 6-9     3   4114   4636  1453 231        4.7%  4-epi-15-epi-brefeldin A
  C12H18O5 4-7     1    196    217    71   9        4.0%  fujikurin B
  C12H16O4 4-7     1     87    105    39   4        3.7%  olivetolic acid
  C11H16O4 3-6     1     99    107    33   4        3.6%  depudecin
  C10H14O3 3-6     1     25     30    10   1        3.2%  xylariolide D
  C12H20O4 4-7     1    316    336    93   9        2.6%  Fugralin A
