Phase-0 out-of-grammar census: missing-operator classes + recovery curve
(326 fungal PKS in MIBiG 4.0; baseline statuses from reachability.csv)
  baseline: skip_element=112, unreachable=111, too_large=94, reachable=9

==========================================================================
RE-SCAN too_large (C>20) with lifted cap (C80)
==========================================================================
  re-scan outcome: unreachable=87, budget=7
  -> 0 were reachable-but-untested (scan-cap artifacts, NOT coverage gaps, excluded); 7 returned 'budget' (reachability not exhaustively confirmed at the reduced re-scan budget -- classified structurally below as a lower bound); the rest are confirmed unreachable. All non-reachable cores fold into the curves by actual missing class.

==========================================================================
CURVE 1 -- CHO-unreachable (IN-SCOPE: add a PKS tailoring operator)
==========================================================================
  *** structural-feature PROXY: cores 'recovered' = all tagged classes covered.
  *** This is an UPPER BOUND on real recovery (tag != sound operator); loosest on
  *** the multi-class cores -- see the entanglement distribution below.
  CHO recovery (greedy set-cover)  (205 cores)
    #ops +operator class                    cumulative recovered
       1 non_aromatic_ring_rearrangement    83/205  (40%)
       2 aromatic_cyclization              158/205  (77%)
       3 oxidative_tailoring               186/205  (91%)
       4 prenylation                       196/205  (96%)
       5 other_formula                     202/205  (99%)
       6 other_topology                    205/205  (100%)
  per-class core counts (a core may carry several -> sums exceed the total):
    non_aromatic_ring_rearrangement     176
    aromatic_cyclization                109
    oxidative_tailoring                  28
    prenylation                          10
    other_formula                         6
    other_topology                        3

==========================================================================
ENTANGLEMENT (CHO) -- how much of the recoverable-looking pile is clean
==========================================================================
  class-count distribution: 1-class=108, 2-class=67, 3-class=30
  need >1 operator class (entangled):            97/205  (47%)
  touch a hard/maybe-unsound class (ox/rearr):   178/205  (87%)
  CLEAN single-class aromatic (the doable pile): 22/205  (11%)
  aromatic BUT entangled with a hard class:      85/205  (41%)
  => 'build the aromatic operators' soundly recovers AT MOST the clean single-class
     aromatic pile; the aromatic-but-entangled cores need a hard operator too and may
     not be soundly expressible -- the proxy curve overcounts recovery exactly there.

==========================================================================
CURVE 2 -- heteroatom (SCOPE BOUNDARY: not a PKS-grammar gap)
==========================================================================
  heteroatom recovery (greedy set-cover)  (112 cores)
    #ops +operator class                    cumulative recovered
       1 N_incorporation                    90/112  (80%)
       2 halogenation                      111/112  (99%)
       3 S_incorporation                   112/112  (100%)
    N_incorporation                      98
    halogenation                         22
    S_incorporation                       1
  these need NRPS-hybrid / halogenase / heteroatom machinery -- a different grammar,
  reported as the scope boundary, not as a coverage failure.

==========================================================================
VERDICT
==========================================================================
  CHO coverage shape: top-3 operator classes proxy-cover 91% of the 205 in-scope cores (UPPER BOUND).
  Clean single-class-aromatic floor (soundly buildable lower bound): 22/205 = 11%
  Concentrated-vs-asymptotic is read off Curve 1's steepness; how much of the
  concentrated part is real is read off the clean-vs-entangled split. Both reported;
  the entanglement fraction -- not the steepness -- gates whether 'solve the PKS core'
  is a finite grind or stalls on oxidative-rearrangement entanglement.
