BGCs with POSE: 16
Filtered to 16 BGCs (matching train_weak_pose.py filter)
Canonical cycles: 62
  step=   0  NLML= 133.061  mean_silver_ent=1.921  citrinin_H=0.692  strob_H=3.114  asperlin_H=1.344
  step= 100  NLML=  38.618  mean_silver_ent=1.823  citrinin_H=0.693  strob_H=3.105  asperlin_H=1.350
  step= 200  NLML=  36.402  mean_silver_ent=1.650  citrinin_H=0.693  strob_H=2.977  asperlin_H=1.157
  step= 300  NLML=  34.766  mean_silver_ent=1.434  citrinin_H=0.693  strob_H=2.671  asperlin_H=1.035
  step= 400  NLML=  33.626  mean_silver_ent=1.305  citrinin_H=0.693  strob_H=2.498  asperlin_H=0.952
  step= 500  NLML=  32.788  mean_silver_ent=1.238  citrinin_H=0.692  strob_H=2.419  asperlin_H=0.893
  step= 600  NLML=  32.120  mean_silver_ent=1.203  citrinin_H=0.692  strob_H=2.384  asperlin_H=0.850
  step=   0  NLML= 142.403  mean_silver_ent=1.943  citrinin_H=0.688  strob_H=3.257  asperlin_H=1.491
  step= 100  NLML=  37.515  mean_silver_ent=1.794  citrinin_H=0.693  strob_H=2.973  asperlin_H=1.291
  step= 200  NLML=  35.186  mean_silver_ent=1.661  citrinin_H=0.693  strob_H=2.918  asperlin_H=1.142
  step= 300  NLML=  33.806  mean_silver_ent=1.492  citrinin_H=0.693  strob_H=2.733  asperlin_H=1.046
  step= 400  NLML=  32.860  mean_silver_ent=1.356  citrinin_H=0.693  strob_H=2.565  asperlin_H=0.968
  step= 500  NLML=  32.160  mean_silver_ent=1.271  citrinin_H=0.692  strob_H=2.461  asperlin_H=0.905
  step= 600  NLML=  31.599  mean_silver_ent=1.221  citrinin_H=0.692  strob_H=2.406  asperlin_H=0.857
  step=   0  NLML=  78.937  mean_silver_ent=1.953  citrinin_H=0.693  strob_H=3.358  asperlin_H=1.398
  step= 100  NLML=  28.826  mean_silver_ent=1.578  citrinin_H=0.693  strob_H=2.706  asperlin_H=1.066
  step= 200  NLML=  26.640  mean_silver_ent=1.266  citrinin_H=0.693  strob_H=2.099  asperlin_H=1.019
  step= 300  NLML=  25.760  mean_silver_ent=1.087  citrinin_H=0.693  strob_H=1.777  asperlin_H=0.916
  step= 400  NLML=  25.358  mean_silver_ent=1.003  citrinin_H=0.693  strob_H=1.644  asperlin_H=0.842
  step= 500  NLML=  25.134  mean_silver_ent=0.959  citrinin_H=0.693  strob_H=1.579  asperlin_H=0.795
  step= 600  NLML=  24.985  mean_silver_ent=0.934  citrinin_H=0.693  strob_H=1.544  asperlin_H=0.765
  step=   0  NLML= 106.110  mean_silver_ent=2.085  citrinin_H=0.691  strob_H=3.662  asperlin_H=1.484
  step= 100  NLML=  36.351  mean_silver_ent=1.731  citrinin_H=0.693  strob_H=2.932  asperlin_H=1.324
  step= 200  NLML=  33.528  mean_silver_ent=1.556  citrinin_H=0.693  strob_H=2.774  asperlin_H=1.180
  step= 300  NLML=  31.731  mean_silver_ent=1.396  citrinin_H=0.693  strob_H=2.577  asperlin_H=1.071
  step= 400  NLML=  30.458  mean_silver_ent=1.291  citrinin_H=0.692  strob_H=2.445  asperlin_H=0.983
  step= 500  NLML=  29.489  mean_silver_ent=1.229  citrinin_H=0.692  strob_H=2.373  asperlin_H=0.916
  step= 600  NLML=  28.707  mean_silver_ent=1.193  citrinin_H=0.692  strob_H=2.336  asperlin_H=0.866
  step=   0  NLML=  66.899  mean_silver_ent=2.073  citrinin_H=0.693  strob_H=3.496  asperlin_H=1.608
  step= 100  NLML=  35.284  mean_silver_ent=1.734  citrinin_H=0.691  strob_H=2.835  asperlin_H=1.390
  step= 200  NLML=  32.880  mean_silver_ent=1.478  citrinin_H=0.686  strob_H=2.688  asperlin_H=1.052
  step= 300  NLML=  31.756  mean_silver_ent=1.330  citrinin_H=0.685  strob_H=2.655  asperlin_H=0.775
  step= 400  NLML=  31.130  mean_silver_ent=1.245  citrinin_H=0.685  strob_H=2.635  asperlin_H=0.585
  step= 500  NLML=  30.742  mean_silver_ent=1.191  citrinin_H=0.685  strob_H=2.617  asperlin_H=0.460
  step= 600  NLML=  30.420  mean_silver_ent=1.160  citrinin_H=0.685  strob_H=2.603  asperlin_H=0.391
  step=   0  NLML= 254.228  mean_silver_ent=1.145  citrinin_H=0.646  strob_H=2.580  asperlin_H=0.375
  step= 100  NLML=  38.519  mean_silver_ent=1.919  citrinin_H=0.693  strob_H=3.202  asperlin_H=1.489
  step= 200  NLML=  36.399  mean_silver_ent=1.789  citrinin_H=0.693  strob_H=3.087  asperlin_H=1.291
  step= 300  NLML=  34.844  mean_silver_ent=1.647  citrinin_H=0.693  strob_H=2.917  asperlin_H=1.155
  step= 400  NLML=  33.743  mean_silver_ent=1.514  citrinin_H=0.693  strob_H=2.737  asperlin_H=1.087
  step= 500  NLML=  32.904  mean_silver_ent=1.411  citrinin_H=0.693  strob_H=2.605  asperlin_H=1.033
  step= 600  NLML=  32.231  mean_silver_ent=1.338  citrinin_H=0.693  strob_H=2.520  asperlin_H=0.987
  step=   0  NLML= 114.234  mean_silver_ent=1.732  citrinin_H=0.683  strob_H=2.448  asperlin_H=1.550
  step= 100  NLML=  37.030  mean_silver_ent=1.675  citrinin_H=0.693  strob_H=2.696  asperlin_H=1.314
  step= 200  NLML=  34.687  mean_silver_ent=1.550  citrinin_H=0.693  strob_H=2.749  asperlin_H=1.146
  step= 300  NLML=  33.452  mean_silver_ent=1.392  citrinin_H=0.693  strob_H=2.571  asperlin_H=1.037
  step= 400  NLML=  32.615  mean_silver_ent=1.289  citrinin_H=0.692  strob_H=2.451  asperlin_H=0.957
  step= 500  NLML=  31.961  mean_silver_ent=1.231  citrinin_H=0.692  strob_H=2.389  asperlin_H=0.899
  step= 600  NLML=  31.402  mean_silver_ent=1.198  citrinin_H=0.692  strob_H=2.363  asperlin_H=0.858
  step=   0  NLML=  96.839  mean_silver_ent=2.076  citrinin_H=0.693  strob_H=3.940  asperlin_H=1.233
  step= 100  NLML=  34.590  mean_silver_ent=1.754  citrinin_H=0.693  strob_H=2.947  asperlin_H=1.299
  step= 200  NLML=  31.433  mean_silver_ent=1.573  citrinin_H=0.693  strob_H=2.797  asperlin_H=1.237
  step= 300  NLML=  29.267  mean_silver_ent=1.391  citrinin_H=0.692  strob_H=2.584  asperlin_H=1.141
  step= 400  NLML=  27.740  mean_silver_ent=1.287  citrinin_H=0.692  strob_H=2.471  asperlin_H=1.058
  step= 500  NLML=  26.609  mean_silver_ent=1.230  citrinin_H=0.692  strob_H=2.408  asperlin_H=1.000
  step= 600  NLML=  25.748  mean_silver_ent=1.196  citrinin_H=0.691  strob_H=2.370  asperlin_H=0.961
  step=   0  NLML=  65.251  mean_silver_ent=1.985  citrinin_H=0.693  strob_H=3.355  asperlin_H=1.413
  step= 100  NLML=  37.181  mean_silver_ent=1.697  citrinin_H=0.693  strob_H=2.901  asperlin_H=1.271
  step= 200  NLML=  34.140  mean_silver_ent=1.471  citrinin_H=0.693  strob_H=2.661  asperlin_H=1.150
  step= 300  NLML=  32.527  mean_silver_ent=1.345  citrinin_H=0.692  strob_H=2.513  asperlin_H=1.079
  step= 400  NLML=  31.368  mean_silver_ent=1.283  citrinin_H=0.692  strob_H=2.461  asperlin_H=1.015
  step= 500  NLML=  30.412  mean_silver_ent=1.249  citrinin_H=0.692  strob_H=2.441  asperlin_H=0.959
  step= 600  NLML=  29.601  mean_silver_ent=1.227  citrinin_H=0.692  strob_H=2.429  asperlin_H=0.915
  step=   0  NLML= 128.329  mean_silver_ent=1.776  citrinin_H=nan  strob_H=2.726  asperlin_H=1.248
  step= 100  NLML=  37.008  mean_silver_ent=1.964  citrinin_H=nan  strob_H=2.774  asperlin_H=1.542
  step= 200  NLML=  34.862  mean_silver_ent=1.809  citrinin_H=nan  strob_H=2.500  asperlin_H=1.494
  step= 300  NLML=  33.885  mean_silver_ent=1.736  citrinin_H=nan  strob_H=2.467  asperlin_H=1.419
  step= 400  NLML=  33.254  mean_silver_ent=1.658  citrinin_H=nan  strob_H=2.490  asperlin_H=1.314
  step= 500  NLML=  32.769  mean_silver_ent=1.570  citrinin_H=nan  strob_H=2.481  asperlin_H=1.206
  step= 600  NLML=  32.373  mean_silver_ent=1.490  citrinin_H=nan  strob_H=2.441  asperlin_H=1.119
  step=   0  NLML= 115.541  mean_silver_ent=2.365  citrinin_H=0.693  strob_H=3.956  asperlin_H=1.590
  step= 100  NLML=  36.718  mean_silver_ent=1.839  citrinin_H=0.693  strob_H=2.930  asperlin_H=1.142
  step= 200  NLML=  34.739  mean_silver_ent=1.753  citrinin_H=0.693  strob_H=2.845  asperlin_H=0.985
  step= 300  NLML=  33.312  mean_silver_ent=1.617  citrinin_H=0.693  strob_H=2.666  asperlin_H=0.982
  step= 400  NLML=  32.310  mean_silver_ent=1.507  citrinin_H=0.693  strob_H=2.531  asperlin_H=0.927
  step= 500  NLML=  31.583  mean_silver_ent=1.444  citrinin_H=0.692  strob_H=2.458  asperlin_H=0.877
  step= 600  NLML=  30.987  mean_silver_ent=1.408  citrinin_H=0.692  strob_H=2.424  asperlin_H=0.842
  step=   0  NLML=  84.979  mean_silver_ent=2.212  citrinin_H=0.693  strob_H=3.741  asperlin_H=nan
  step= 100  NLML=  36.473  mean_silver_ent=1.733  citrinin_H=0.693  strob_H=2.973  asperlin_H=nan
  step= 200  NLML=  34.393  mean_silver_ent=1.303  citrinin_H=0.690  strob_H=2.343  asperlin_H=nan
  step= 300  NLML=  33.349  mean_silver_ent=1.125  citrinin_H=0.690  strob_H=2.012  asperlin_H=nan
  step= 400  NLML=  32.711  mean_silver_ent=1.045  citrinin_H=0.690  strob_H=1.839  asperlin_H=nan
  step= 500  NLML=  32.253  mean_silver_ent=1.012  citrinin_H=0.690  strob_H=1.766  asperlin_H=nan
  step= 600  NLML=  31.873  mean_silver_ent=1.000  citrinin_H=0.690  strob_H=1.743  asperlin_H=nan
  step=   0  NLML= 119.062  mean_silver_ent=1.494  citrinin_H=0.693  strob_H=nan  asperlin_H=1.320
  step= 100  NLML=  39.505  mean_silver_ent=1.561  citrinin_H=0.693  strob_H=nan  asperlin_H=1.347
  step= 200  NLML=  37.204  mean_silver_ent=1.363  citrinin_H=0.693  strob_H=nan  asperlin_H=1.196
  step= 300  NLML=  35.869  mean_silver_ent=1.201  citrinin_H=0.692  strob_H=nan  asperlin_H=1.080
  step= 400  NLML=  34.983  mean_silver_ent=1.103  citrinin_H=0.692  strob_H=nan  asperlin_H=0.993
  step= 500  NLML=  34.315  mean_silver_ent=1.048  citrinin_H=0.692  strob_H=nan  asperlin_H=0.928
  step= 600  NLML=  33.763  mean_silver_ent=1.017  citrinin_H=0.692  strob_H=nan  asperlin_H=0.879
  step=   0  NLML= 102.485  mean_silver_ent=1.746  citrinin_H=0.693  strob_H=3.232  asperlin_H=1.511
  step= 100  NLML=  39.076  mean_silver_ent=1.493  citrinin_H=0.693  strob_H=2.597  asperlin_H=1.359
  step= 200  NLML=  36.803  mean_silver_ent=1.305  citrinin_H=0.693  strob_H=2.666  asperlin_H=1.155
  step= 300  NLML=  35.547  mean_silver_ent=1.142  citrinin_H=0.692  strob_H=2.490  asperlin_H=1.018
  step= 400  NLML=  34.706  mean_silver_ent=1.055  citrinin_H=0.692  strob_H=2.397  asperlin_H=0.928
  step= 500  NLML=  34.059  mean_silver_ent=1.011  citrinin_H=0.692  strob_H=2.364  asperlin_H=0.865
  step= 600  NLML=  33.515  mean_silver_ent=0.987  citrinin_H=0.692  strob_H=2.356  asperlin_H=0.820
  step=   0  NLML= 129.709  mean_silver_ent=2.029  citrinin_H=0.693  strob_H=3.510  asperlin_H=1.386
  step= 100  NLML=  37.415  mean_silver_ent=1.774  citrinin_H=0.693  strob_H=2.890  asperlin_H=1.313
  step= 200  NLML=  34.678  mean_silver_ent=1.679  citrinin_H=0.693  strob_H=2.832  asperlin_H=1.115
  step= 300  NLML=  33.240  mean_silver_ent=1.570  citrinin_H=0.693  strob_H=2.702  asperlin_H=0.968
  step= 400  NLML=  32.312  mean_silver_ent=1.478  citrinin_H=0.693  strob_H=2.577  asperlin_H=0.861
  step= 500  NLML=  31.619  mean_silver_ent=1.413  citrinin_H=0.692  strob_H=2.491  asperlin_H=0.782
  step= 600  NLML=  31.048  mean_silver_ent=1.371  citrinin_H=0.692  strob_H=2.441  asperlin_H=0.724
  step=   0  NLML= 148.703  mean_silver_ent=0.682  citrinin_H=0.693  strob_H=0.864  asperlin_H=0.629
  step= 100  NLML=  39.301  mean_silver_ent=1.770  citrinin_H=0.693  strob_H=3.036  asperlin_H=1.420
  step= 200  NLML=  36.640  mean_silver_ent=1.534  citrinin_H=0.693  strob_H=2.795  asperlin_H=1.289
  step= 300  NLML=  34.945  mean_silver_ent=1.317  citrinin_H=0.692  strob_H=2.542  asperlin_H=1.191
  step= 400  NLML=  33.781  mean_silver_ent=1.187  citrinin_H=0.691  strob_H=2.399  asperlin_H=1.106
  step= 500  NLML=  32.905  mean_silver_ent=1.117  citrinin_H=0.690  strob_H=2.330  asperlin_H=1.035
  step= 600  NLML=  32.192  mean_silver_ent=1.078  citrinin_H=0.689  strob_H=2.299  asperlin_H=0.976

PHASE D2-baseline on n=62 conformational-only corpus:
  LOSO acc canonical: 0.2903
  LOSO acc agreed:    0.3571
